[40m[2J[36C[0;33;43mкккккккккккк [2H[36Cкккккккккккк [3H[7C[1;40mWelcome to [36mStillwaters[7C[0;33;43mлллллллллллл [4H[7C[36;40mФФФФФФФФФФФФФФФФФФФФФФ[7C[33;43mлллллллллллл [5H[8C[1;37;40mColby Jordan, SysOp[9C[0;33;40mлл[s
[u[43mллллл      [6H[8C[1;37;40mCoke Dilworth, SysOp[8C[0;33;40mллллллл[43m      [7H[3C[1;32;40mTransplanted from Austin, Texas  [0;33;40mллллллл[43m                       м[40mлм[8H[7C[1;32mto Chicago, Illinois[9C[0;33;40mллллллл[s
[u[43mллл    [1mC[37mentral [33mT[37mexas [33mS[37mysop[0;33;40mм[9H[36Cлллллллллллллллллл[1;43mA[37mssociation[0;33;40mлллл[43m [30mп[10H[23C[33;40mплллл[43m [40mлллллллллллллллллллллл[43m                   [40mлм[11H[5C[s
[u[1;37mкФФФФФФФФФФФФФФФФФФФФ[43mФФФФП [0;33;40mллллллллллллллллллллллллл[43m [37mК[1;44mњ[41mпп[0;33;40mлллллллллл[12H[5C[1;37mГ[5C[33mRBBS-PC 17.1[32mD   [0;33;40mплл[1;37;43mГ[0;33;40mллллллллллллллллллллллллллл[37;43mК[40m[s
[u[33;40mллллллллллллл[13H[5C[1;37mГ[23C[0;33;40mп[1;37;43mГ[0;33;40mлллллллллллллллллллллллллл[43m [1;5m* [0;33;40mлллллллллллн[14H[5C[1;37mГ   300[36m/[37m1200[36m/[37m2400 [36mbaud   [37mГ[0;33;40mплллллллллппплллллллл[s
[u[43m   [44mл[1;43mAustin[0;33;40mлллллллпп[15H[5C[1;37mГ    [32m24 hours per day    [37mГ [0;33;40mппллллп[6Cпллллллллл[44mллллллл[40mлллпп[16H[5C[1;37mРФФФФФФФФФФФФФФФФФФФФФФФФй[5C[0;33;40mп[10Cплллллллллллллллп[17H[48Cпллллллл[s
[uллллллп[18H[50Cпллллллллллл[19H[52Cоллллллллн[20H[54Cпллллллл[21H[57Cпплп
[0m
