






[2J[37m
[1;1HÚÄÄÄÄÄÄÄÄÄÄÄÄÄÄÄÄÄÄÄÄÄÄÄÄÄÄÄÄÄÄÄÄÄÄÄÄÄÄÄÄÄÄÄÄÄÄÄÄÄÄÄÄÄÄÄÄÄÄÄÄÄÄÄÄÄÄÄÄÄÄÄÄÄÄÄÄÄÄ¿
[2;1H[37m³[32m------------------------------------------------------------------------------[37m³
[3;1H[37mÀÄÄÄÄÄÄÄÄÄÄÄÄÄÄÄÄÄÄÄÄÄÄÄÄÄÄÄÄÄÄÄÄÄÄÄÄÄÄÄÄÄÄÄÄÄÄÄÄÄÄÄÄÄÄÄÄÄÄÄÄÄÄÄÄÄÄÄÄÄÄÄÄÄÄÄÄÄÄÙ
[2;2H[32m-----------------------------------------------------------------------N
[2;2H----------------------------------------------------------------------No
[2;2H--------------------------------------------------------------------Now-
[2;2H------------------------------------------------------------------Now-Pr
[2;2H----------------------------------------------------------------Now-Pres
[2;2H--------------------------------------------------------------Now-Presen
[2;2H------------------------------------------------------------Now-Presenti
[2;2H----------------------------------------------------------Now-Presenting
[2;2H--------------------------------------------------------Now-Presenting-t
[2;2H------------------------------------------------------Now-Presenting-the
[2;2H----------------------------------------------------Now-Presenting-the-P
[2;2H--------------------------------------------------Now-Presenting-the-P-8
[2;2H------------------------------------------------Now-Presenting-the-P-80s
[2;2H----------------------------------------------Now-Presenting-the-P-80sof
[2;2H--------------------------------------------Now-Presenting-the-P-80soft-
[2;2H------------------------------------------Now-Presenting-the-P-80soft-In
[2;2H----------------------------------------Now-Presenting-the-P-80soft-Info
[2;2H--------------------------------------Now-Presenting-the-P-80soft-Infoce
[2;2H------------------------------------Now-Presenting-the-P-80soft-Infocent
[2;2H----------------------------------Now-Presenting-the-P-80soft-Infocenter
[2;2H--------------------------------Now-Presenting-the-P-80soft-Infocenter--
[2;2H------------------------------Now-Presenting-the-P-80soft-Infocenter----
[2;2H----------------------------Now-Presenting-the-P-80soft-Infocenter------
[2;2H--------------------------Now-Presenting-the-P-80soft-Infocenter--------
[2;2H------------------------Now-Presenting-the-P-80soft-Infocenter----------
[2;2H----------------------Now-Presenting-the-P-80soft-Infocenter------------
[2;2H--------------------Now-Presenting-the-P-80soft-Infocenter--------------
[2;2H------------------Now-Presenting-the-P-80soft-Infocenter----------------
[2;2H----------------Now-Presenting-the-P-80soft-Infocenter------------------
[2;2H--------------Now-Presenting-the-P-80soft-Infocenter--------------------
[2;2H-------------Now-Presenting-the-P-80soft-Infocenter---------------------
[2;2H-----------Now-Presenting-the-P-80soft-Infocenter-----------------------
[2;2H-----------Now-Presenting-the-P-80soft-Infocenter-----------------------
[2;2H------------Now-Presenting-the-P-80soft-Infocenter----------------------
[2;2H------------Now-Presenting-the-P-80soft-Infocenter----------------------
[2;2H-----------Now-Presenting-the-P-80soft-Infocenter-----------------------
[2;2H---------Now-Presenting----the-P-80soft-Infocenter----------------------
[2;2H-------Now-Presenting--------the-P-80soft-Infocenter--------------------
[2;2H-----Now-Presenting----------the-P-80soft-Infocenter-----------------------
[2;2H---Now-Presenting------------the-P-80soft-Infocenter-----------------------
[2;2H-Now-Presenting--------------the-P-80soft-Infocenter-----------------------
[2;2How-Presenting----------------the-P-80soft-Infocenter-----------------------
[2;2H-Presenting------------------the-P-80soft-Infocenter-----------------------
[2;2Hresenting--------------------the-P-80soft-Infocenter-----------------------
[2;2Hsenting----------------------the-P-80soft-Infocenter-----------------------
[2;2Hnting------------------------the-P-80soft-Infocenter-----------------------
[2;2Hing--------------------------the-P-80soft-Infocenter-----------------------
[2;2Hg----------------------------the-P-80soft-Infocenter-----------------------
[2;2H                            [36mThe P-80soft Infocenter BBS                     [37m³
[5;6H
[6;6H		      . 		.				.
[7;2H. 							 .
[7;6H	  .			     .		  .	       .
[8;6H					     .
[9;1H							.  .
[9;6H		       [33m.		    . [37m.  .   .
[10;6H 						[01;37m.
[00;37m
[11;6H 	  .	       [05m.				       [00;01m.
[12;6H 			 .
[13;6H.			    .			 .		  .
[14;6H 				.			    [33m. [37m
[15;6H     .	      . 		     .	   .	     [05m.  [00;01m
[16;6H 								  .
[17;6H 			  .	   .	 .				  .
[18;1H 	     .					.	   .
[19;1H 		       .				[33m .     [37m .    .
[20;1H 	     .			   .			  .
[21;1H       . 		   [05m .	      [00;37m .
[33;01m
[34;01m
[2;1H-[2;1H-[2;1HÛ-[2;1H[32mS[34mÛ-[2;1H[[32mSS[34mÛ-[2;1H[32mVSS[34mÛ-[2;1HÛ[32mVSS[34mÛ-
[2;1HÛÛ[32mVSS[34mÛ-[2;1H¯ÛÛ[32mVSS[34mÛ-
[2;1H[37m³[33m÷[34m¯ÛÛVSSÛ-
[2;2H	[33m÷[34m¯ÛÛ[32mVSS[34mÛ-
[2;4H	[33m÷[34m¯ÛÛ[32mVSS[34mÛ-
[2;6H	[33m÷[34m¯ÛÛ[32mVSS[34mÛ-
[2;8H	[33m÷[34m¯ÛÛ[32mVSS[34mÛ-
[2;10HEx[33m÷[34m¯ÛÛ[32mVSS[34mÛ-
[2;12Hpa[33m÷[34m¯ÛÛ[32mVSS[34mÛ-
[2;14Hnd[33m=[34m¯ÛÛ[32mVSS[34mÛ-
[2;16Hin[33m÷[34m¯ÛÛ[32mVSS[34mÛ-
[2;18Hg [33m÷[34m¯ÛÛ[32mVSS[34mÛ-
[2;20Hto[33m÷[34m¯ÛÛ[32mVSS[34mÛ-
[2;22H [37m1[33m÷[34m¯ÛÛ[32mVSS[34mÛ-
[2;24H[37m20[37m2[33m÷[34m¯ÛÛ[32mVSS[34mÛ-
[2;26H M[33m÷[34m¯ÛÛ[32mVSS[34mÛ-
[2;28Heg[33m=[34m¯ÛÛ[32mVSS[34mÛ-
[2;30Hab[33m÷[34m¯ÛÛ[32mVSS[34mÛ-
[2;32Hyt[33m÷[34m¯ÛÛ[32mVSS[34mÛ-
[2;34Hes[33m÷[34m¯ÛÛ[32mVSS[34mÛ-
[2;36H a[33m÷[34m¯ÛÛ[32mVSS[34mÛ-
[2;38Hnd[33m÷[34m¯ÛÛ[32mVSS[34mÛ-
[2;40H 2[33m÷[34m¯ÛÛ[32mVSS[34mÛ-
[2;42H a[33m÷[34m¯ÛÛ[32mVSS[34mÛ-
[2;44Hcc[33m÷[34m¯ÛÛ[32mVSS[34mÛ-
[2;46Hes[33m÷[34m¯ÛÛ[32mVSS[34mÛ-
[2;48Hs [33m÷[34m¯ÛÛ[32mVSS[34mÛ-
[2;50Hli[33m÷[34m¯ÛÛ[32mVSS[34mÛ-
[2;52Hne[33m÷[34m¯ÛÛ[32mVSS[34mÛ-
[2;54Hs![33m÷[34m¯ÛÛ[32mVSS[34mÛ-
[2;56H! [33m÷[34m¯ÛÛ[32mVSS[34mÛ-
[2;58H  [33m÷[34m¯ÛÛ[32mVSS[34mÛ-
[2;60H  [33m=[34m¯ÛÛ[32mVSS[34mÛ-
[2;62H  [33m÷[34m¯ÛÛ[32mVSS[34mÛ-
[2;64H  [33m÷[34m¯ÛÛ[32mVSS[34mÛ-
[2;66H  [33m÷[34m¯ÛÛ[32mVSS[34mÛ-
[2;68H  [33m÷[34m¯ÛÛ[32mVSS[34mÛ-
[2;70H  [33m÷[34m¯ÛÛ[32mVSS[34mÛ-
[2;72H  [33m÷[34m¯ÛÛ[32mVSS[34mÛ
[2;74H  [33m÷[34m¯ÛÛ[32mVS
[2;76H  [33m÷[34m¯ÛÛ
[2;78H  [33m÷[34m¯
[2;80H [37;00m³ [37;01m
[18;20HSysop[18;60HCo-Sysop
[19;20H[35m____________________________________________________
[36;01m
[20;20HScan Man[20;60H[36mThe Hodag
[37m
[22;1H Owned and operated in Charleston W.V. by [31mScott Higginbotham
[20;38H
[19;20H[34mÄÄÄÄÄÄÄÄÄÄÄÄÄÄÄÄÄÄÄÄÄÄÄÄÄÄ[32mÄÄÄÄÄÄÄÄÄÄÄÄÄÄÄÄÄÄÄÄÄÄÄÄÄÄ
[19;20H[32mÄÄÄÄÄÄP-80SOFTÄÄÄÄÄÄÄÄÄÄÄÄ[34mÄÄÄÄÄÄÄÄÄÄÄÄÄÄÄÄÄÄÄÄÄÄÄÄÄÄ
[19;20H[34mÄÄÄÄÄÄÄÄÄÄÄÄÄÄÄÄÄÄÄÄÄÄÄÄÄÄ[32mÄÄÄÄÄÄP-80SOFTÄÄÄÄÄÄÄÄÄÄÄÄ
[19;20H[32mÄÄÄÄÄÄP-80SOFTÄÄÄÄÄÄÄÄÄÄÄÄ[34mÄÄÄÄÄÄÄÄÄÄÄÄÄÄÄÄÄÄÄÄÄÄÄÄÄÄ
[19;20H[34mÄÄÄÄÄÄÄÄÄÄÄÄÄÄÄÄÄÄÄÄÄÄÄÄÄÄ[32mÄÄÄÄÄÄP-80SOFTÄÄÄÄÄÄÄÄÄÄÄÄ
[19;20H[32mÄÄÄÄÄÄÄÄÄÄÄÄÄÄÄÄÄÄÄÄÄÄÄÄÄÄ[34mÄÄÄÄÄÄÄÄÄÄÄÄÄÄÄÄÄÄÄÄÄÄÄÄÄÄ
[19;20H[34mÄÄÄÄÄÄÄÄÄÄÄÄÄÄÄÄÄÄÄÄÄÄÄÄÄÄ[32mÄÄÄÄÄÄÄÄÄÄÄÄÄÄÄÄÄÄÄÄÄÄÄÄÄÄ
[19;20H[32mÄÄÄÄÄÄÄÄÄÄÄÄÄÄÄÄÄÄÄÄÄÄÄÄÄÄ[34mÄÄÄÄÄÄÄÄÄÄÄÄÄÄÄÄÄÄÄÄÄÄÄÄÄÄ
[19;20H[34mÄÄÄÄÄÄÄÄÄÄÄÄÄÄÄÄÄÄÄÄÄÄÄÄÄÄ[32mÄÄÄÄÄÄÄÄÄÄÄÄÄÄÄÄÄÄÄÄÄÄÄÄÄÄ
[19;20H[32mÄÄÄÄÄÄÄÄÄÄÄÄÄÄÄÄÄÄÄÄÄÄÄÄÄÄ[34mÄÄÄÄÄÄÄÄÄÄÄÄÄÄÄÄÄÄÄÄÄÄÄÄÄÄ
[19;20H[34mÄÄÄÄÄÄÄÄÄÄÄÄÄÄÄÄÄÄÄÄÄÄÄÄÄÄ[32mÄÄÄÄÄÄÄÄÄÄÄÄÄÄÄÄÄÄÄÄÄÄÄÄÄÄ
[19;20H[32mÄÄÄÄÄÄÄÄÄÄÄÄÄÄÄÄÄÄÄÄÄÄÄÄÄÄ[34mÄÄÄÄÄÄÄÄÄÄÄÄÄÄÄÄÄÄÄÄÄÄÄÄÄÄ
[19;20H[34mÄÄÄÄÄÄÄÄÄÄÄÄÄÄÄÄÄÄÄÄÄÄÄÄÄÄ[32mÄÄÄÄÄÄÄÄÄÄÄÄÄÄÄÄÄÄÄÄÄÄÄÄÄÄ
[19;20H[32mÄÄÄÄÄÄÄÄÄÄÄÄÄÄÄÄÄÄÄÄÄÄÄÄÄÄ[34mÄÄÄÄÄÄÄÄÄÄÄÄÄÄÄÄÄÄÄÄÄÄÄÄÄÄ
[19;20H[34mÄÄÄÄÄÄÄÄÄÄÄÄÄÄÄÄÄÄÄÄÄÄÄÄÄÄ[32mÄÄÄÄÄÄÄÄÄÄÄÄÄÄÄÄÄÄÄÄÄÄÄÄÄÄ
[19;20H[32mÄÄÄÄÄÄÄINFOCENTERÄÄÄÄÄÄÄÄÄ[34mÄÄÄÄÄÄÄÄÄÄÄÄÄÄÄÄÄÄÄÄÄÄÄÄÄÄ
[19;20H[34mÄÄÄÄÄÄÄÄÄÄÄÄÄÄÄÄÄÄÄÄÄÄÄÄÄÄ[32mÄÄÄÄÄÄÄINFOCENTERÄÄÄÄÄÄÄÄÄ
[19;20H[32mÄÄÄÄÄÄÄINFOCENTERÄÄÄÄÄÄÄÄÄ[34mÄÄÄÄÄÄÄÄÄÄÄÄÄÄÄÄÄÄÄÄÄÄÄÄÄÄ
[19;20H[34mÄÄÄÄÄÄÄÄÄÄÄÄÄÄÄÄÄÄÄÄÄÄÄÄÄÄ[32mÄÄÄÄÄÄÄINFOCENTERÄÄÄÄÄÄÄÄÄ
[19;20H[31mÄÄÄÄÄÄÄÄÄÄÄÄÄÄÄÄÄÄÄÄÄÄÄÄÄÄ[31mÄÄÄÄÄÄÄÄÄÄÄÄÄÄÄÄÄÄÄÄÄÄÄÄÄÄ




[21;1H[37m                                                    06 Gigs Online!
[23;1H 1[34m-[37m718[34m-[37m693[34m-[37m6122    24 Hours! 7 Days!! 38.4 <--> 300 Baud
[6;1H [6;1H [6;1H [6;1H [6;1H [6;1H [6;1H [6;1H [6;1H [6;1H [6;1H [6;1H [6;1H [6;1H [6;1H [6;1H [6;1H [6;1H [6;1H [6;1H [6;1H
[6;1H [6;1H [6;1H [6;1H [6;1H [6;1H [6;1H [6;1H [6;1H [6;1H [6;1H [6;1H [6;1H [6;1H [6;1H [6;1H [6;1H [6;1H [6;1H
[6;1H [6;1H [6;1H [6;1H [6;1H [6;1H [6;1H [6;1H [6;1H [6;1H [6;1H [6;1H [6;1H [6;1H [6;1H [6;1H [6;1H [6;1H [6;1H
[6;1H [6;1H [6;1H [6;1H [6;1H [6;1H [6;1H [6;1H [6;1H [6;1H [6;1H [6;1H [6;1H [6;1H [6;1H [6;1H [6;1H [6;1H [6;1H
[6;1H [6;1H [6;1H [6;1H [6;1H [6;1H [6;1H [6;1H [6;1H [6;1H [6;1H [6;1H [6;1H [6;1H [6;1H [6;1H [6;1H [6;1H [6;1H


















Downloaded From P-80 International Information Systems 304-744-2253
