[40m[2J[40m [46C[0;1;30;41mุอุ[40m 
[24C[37m______/\  ____________[30;41mุอุอุ[37;40m_______________
[23C/[30m(_)(_[37m//\\  [30m)(_)(_)(_)([41mอุอุอ[40m(_)(_)(_)(_)(_)[37m\
[22C/[30m_)(_)[37m//  \\  [30m)(_)(_)(_)(_)(_)(_)(_)(_)(_)(_)[37m\
[21C/[30m_)(_)[37m//   [0;36mอ[1;37m\\  [30m)(_)(_)(_)(_)(_)(_)(_)(_)(_)(_)[37m\
[20C/[30m_)(_)[37m//   [0;36mอออ[1;37m\\  [30m)(_)(_)(_)(_)(_)(_)(_)(_)(_)(_)[37m\
[14C/\   /[30m_)(_)[37m//   [0;36mอออออ[1;37m\\  [30m)(_)(_)(_)(_)(_)(_)(_)(_)(_)(_)[37m\
[13C/[30m(_[37m\ ๐๐๐๐๐๐//[0;36mออออออออออ[1;37m\\  ๐๐๐๐๐๐๐๐๐๐๐๐๐๐๐๐๐๐๐๐๐๐๐๐๐๐๐๐๐๐๐๐
[12C/[30m(_)([37m\ Û [0;36mอออ[1;37mÛ ฺฤฤฤฟฺฤฤฤฟ Û   [0;36mอออออ[1;37mฺฤฤฤฟ[0;36mออออออ[1;37mฺฤฤฤฟ[0;36mออออออออ[1;37mÛ
[10C_/[30m(_)(_)[37m\Û [0;36mอออ[1;37mÛ ณ[33m/ \[37mณณ[33m/ \[37mณ Û    [0;36mออออ[1;37mณ[33m/ \[37mณ[0;36mออออออ[1;37mณ[33m/ \[37mณ[0;36mออออออออ[1;37mÛ
[10C๐๐๐๐๐๐๐๐๐Û [0;36mอออ[1;37mÛ ภฤฤฤูภฤฤฤู Û    [0;36mออออ[1;37mภฤฤฤู[0;36mออออออ[1;37mภฤฤฤู[0;36mออออออออ[1;37mÛ
[10CÛ ฺฤฤฤฤฟ Û [0;36mอออ[1;37mÛ [0;36mอออออออออออ[1;37mÛ    [0;36mออออออออออออออออออออออออออออ[1;37mÛ
[10CÛ ณ[33m/  \[37mณ Û [0;36mอออ[1;37mÛ[0;36mออออออออออออ[1;37mÛ    [0;36mออ[1;31m [D[0;36mอออออออออออออออออออออออออ[1;37mÛ
[10CÛ ภฤฤฤฤู Û [0;36mอออ[1;37mÛ [0;36mอ[1;37mฺฤฤฤฤฤฤฟ [0;36mอ[1;37mÛ    ฐฐฐฐฐ[0;36mอออออออ[1;37mฺฤฤฤฤฤฤฤฤฤฟ[0;36mอออออ[1;37mÛ
[10CÛ [0;36mออออออ [1;37mÛ [0;36mอออ[1;37mÛ [0;36mอ[1;37mณ [33m/  \ [37mณ [0;36mอ[1;37mÛ    ฐ   ฐ[0;36mอออออออ[1;37mณ [33m/     \ [37mณ[0;36mอออออ[1;37mÛ
[10CÛ [0;36mอ[1;37mฺฤฤฟ[0;36mอ [1;37mÛ [0;36mอออ[1;37mÛ [0;36mอ[1;37mณ[33m/    \[37mณ [0;36mอ[1;37mÛ    ฐฐฐฐฐ[0;36mอออออออ[1;37mณ[33m/[7C\[37mณ[0;36mอออออ[1;37mÛ
[10CÛ [0;36mอ[1;37mณ  ณ[0;36mอ [1;37mÛ [0;36mอออ[1;37mÛ [0;36mอ[1;37m฿฿฿฿฿฿฿฿ [0;36mอ[1;37mÛ    ฐฐฐฐฐ[30mÞ[0;36mออออออ[1;37m฿฿฿฿฿฿฿฿฿฿฿[0;36mอออออ[1;37mÛ
[10CÛ [0;36mอ[1;37mณ  ณ[0;36mอ [1;37mÛ [0;36mอออ[1;37mÛ [0;36mอออออออออออ[1;37mÛ    ฐฐฐฐฐ[30mÞ[0;36mออออออออออออออออออออออ[1;37mÛ
[10CÛ [0;36mอ[1;37mภฤฤู[0;36mอ [1;37mÛ [0;36mอออ[1;37mÛ [0;36mอออออออออออ[1;37mÛ    [30;47m฿฿฿฿฿฿[0;36;40mออออออออออออออออออออออ[1;37mÛ
[10CÛ [0;36mออออออ [1;30mÜÜÜÜÜ ÜÜÜ ÜÜÜ  ÜÜÜ ÜÜÜÜÜ    ÜÜÜ Ü ÜÜÜ Ü  Ü ÜÜÜ   ยs
[18C[0;31mÛ[1;30;41mÜ[0;31;40mÛ[1;30;41mÜ[0;31;40mÛ[1;30mÛ[0;31mÛ[1;30;41mÜ[0;31;40mÛ[1;30mÛ[0;31mÛ[1;30;41mÜ[0;31;40m฿[1;30;41m฿[40mÛ[0;31mÛ[1;30;41mÜ[0;31;40mÛ[1;30mÛ[0;31mÛ[1;30;41mÜ[0;31;40mÛ[1;30;41mÜ[0;31;40mÛ[1;30mÛ   [0;31mÛ[1;30;41mÜÜ[40m [0;31mÛ[1;30mÛ[0;31mÛ[1;30;41mÜÜ[40m [0;31mÛ[1;30mÛ [0;31m฿[1;30;41mÞ[0;31;40mÛ[1;30;41mÜÜ[40mÜ
[18C[0;31mÛ[1;30mÛ[0;31m฿ Û[1;30mÛ[0;31mÛ[1;30;41mÜ[0;31;40mÛ[1;30mÛ[0;31mÛ[1;30;41mÛ[40mÜ[0;31mÛ[1;30m฿[0;31mÛ[1;30;41mÜ[0;31;40mÛ[1;30mÛ[0;31mÛ[1;30mÛ[0;31m฿ Û[1;30mÛ   [0;31mÛ[1;30;41mÜ[40m  [0;31mÛ[1;30mÛ[0;31mÛ[1;30;41mÜ[40m  [0;31mÛ[1;30mÛ   [0;31m฿[1;30;41mÜ[0;31;40mÛ[1;30mÛ
[18C[0;31m฿   ฿ ฿ ฿ ฿฿฿  ฿ ฿ ฿   ฿    ฿   ฿ ฿   ฿    ฿฿฿[0m


