[40m[2J[C[0;36mл[34mлллллллл[2C[36mл[34mлл[2H[36mл[34mлл[s
[u[C[36mл[34mлл[5C[36mл[34mлл[3H[36mл[34mлл[C[36mл[34mлл[s
[u[5C[36mл[34mлл[6C[36mл[34mлллл[4;5H[36mл[34mлл[5C[36mл[s
[u[34mллллл[2C[36mл[34mлл[2C[36mл[34mлл[13C[1;47mЩЭЭЭЭ[40m[s
[u[47mЭЭЭЭЭЭЭЭЭЭЭЭЭЭЭЭЭЭЭЭЭЭЭЭЭЭЭЛ[5;5H[0;36mл[34mлл[4C[36mл[s
[u[34mлл[2C[36mл[34mлл[C[36mл[34mлллллл[14C[1;47mК[40m[s
[u[47m[30m   Running Wildcat! Software   [34mК[6H[0;36mл[34mлл[s
[u[36mл[34mлл[2C[36mл[34mлл[36mл[34mлл[2C[36mл[34mлл[C[s
[u[36mл[34mлл[18C[1;47mК[30m     Sysop: John Aughey Jr.   [40m[s
[u[47m [34mК[7;2H[0;36mл[34mллл[4C[36mл[34mллл[2C[36mл[s
[u[34mлл[3C[36mл[34mллллл[14C[1;47mШЭЭЭЭЭЭЭЭЭЭЭЭЭЭЭЭЭЭЭЭЭ[40m[s
[u[47mЭЭЭЭЭЭЭЭЭЭМ[9H[0;36mл[34mлл[7C[36mл[34mлл[10H[36mл[s
[u[34mлл[6C[36mл[34mлл[2C[36mл[34mлл[11;2H[36mл[34mлл[4C[s
[u[36mл[34mлл[10C[36mл[34mлл[7C[36mл[34mлл[2C[36mл[34mлл[s
[u[4C[36mл[34mлллл[5C[1;47mЩЭЭЭЭЭЭЭЭЭЭЭЭЭЭЭЭЭЭЭЛ[12;3H[40m[s
[u[47m[0;36mл[34mлл[2C[36mл[34mлл[4C[36mл[34mлл[5C[36mл[s
[u[34mллллл[4C[36mл[34mлл[2C[36mл[34mлл[2C[36mл[34mлл[C[s
[u[36mл[34mлл[4C[1;47mК  [30m  Elkhart, IN[34m    К[40m
[47m[13;4H[0;36mл[34mлл[36mл[34mлл[5C[36mл[34mлл[5C[36mл[s
[u[34mлл[C[36mл[34mлл[3C[36mл[34mлл[2C[36mл[34mлл[3C[36m[s
[uл[34mлл[7C[1;47mК                   К[14;4H[0;36mл[34mлллл[s
[u[6C[36mл[34mлл[2C[36mл[34mлл[36mл[34mлл[7C[36mл[34mлл[s
[u[2C[36mл[34mлл[C[36mл[34mлл[C[36mл[34mлл[5C[1;47mК[40m[s
[u[47m[30m  Phone: XXX-XXXX[34m  К[15;4H[0;36mл[34mлл[7C[36m[s
[uл[34mлл[4C[36mл[34mллл[7C[36mл[34mллллллл[3C[36mл[34mллл[s
[uл[6C[1;47mШЭЭЭЭЭЭЭЭЭЭЭЭЭЭЭЭЭЭЭМ[17;10H[0;36mл[34mлл[4C[36mл[s
[u[34mлл[5C[36mл[34mлл[25C[36mл[34mлл[18;9H[36mл[34mлллл[s
[u[4C[36mл[34mлл[5C[36mл[34mлл[25C[36mл[34mлл[C[36mл[34m[s
[uлл[19;8H[36mл[34mлл[C[36mл[34mлл[C[36mл[34mлллллл[C[36m[s
[uл[34mлллллл[C[36mл[34mлллллл[6C[36mл[34mлллл[4C[36mл[34m[s
[uлл[36mл[34mлл[4C[36mл[34mлллл[4C[36mл[34mлл[20;7H[36mл[s
[u[34mлл[2C[36mл[34mлл[3C[36mл[34mлл[5C[36mл[34mлл[4C[s
[u[36mл[34mлл[C[36mл[34mлл[4C[36mл[34mлл[C[36mл[34mлл[3C[s
[u[36mл[34mлллл[4C[36mл[34mлл[2C[36mл[34mлл[3C[36mл[34mлл[s
[uллл[21;2H[36mл[34mлл[C[36mл[34mлллллллл[3C[36mл[34mлл[5C[s
[u[36mл[34mлл[3C[36mл[34mлл[2C[36mл[34mлл[4C[36mл[34mлл[s
[u[7C[36mл[34mлл[36mл[34mлл[3C[36mл[34mлллллл[4C[36mл[34m[s
[uлл[C[36mл[34mлл[36mл[34mлл[C[36mл[34mлл[4C[36mл[34mлл[s
[u[3C[36mл[34mлл[5C[36mл[34mлл[2C[36mл[34mлл[3C[36mл[34m[s
[uлл[36mл[34mлл[C[36mл[34mлл[C[36mл[34mлл[C[36mл[34mл[s
[u[36mл[34mлл[C[36mл[34mлл[2C[36mл[34mлл[5C[36mл[34mлл[s
[u[36mл[34mлл[23;2H[36mл[34mлллл[4C[36mл[34mлл[3C[36mл[A
[17C[34mлл[5C[36mл[34mлл[4C[36mл[34mллллллллл[3C[36mл[34mл[A
[46Cллл[3C[36mл[34mллл[2C[36mл[34mлл[2C[36mл[34mллллл[2C[A
[71C[36mл[34mллл[3;41H[1;37mХ[2;41HГ[4;41HГ[1AФ[3DФ[2AГ
[5;41HГ[3;43HФ[5DФ[C [2;41H [4;41H [1A [3D [2A [5;41H 
[3;43H [5D [10;53HХ[9;53HГ[11;53HГ[1AФ[3DФ[2AГ[12;53HГ
[10;55HФ[5DФ[C [9;53H [11;53H [1A [3D [2A [12;53H [10;55H [s
[u[5D [23;80H [0m

Downloaded From P-80 International Information Systems 304-744-2253
