George Ramos #11 @7702
Thu Jul 05 14:16:12 1990
[40m[2J[17C[0;1;36;40mWelcome to the Realm of the Magic Flute BBS
[31mмлллм л  л млллм    ллм млл млллм млллм л млллм[5Cмлллм л    л  л млллм млллм
  л   лммл лмм[6Cл лмл л лмммл л ммм л л[9Cлмм   л    л  л   л   лмм
  л   л  л л[8Cл[5Cл л   л л   л л л[9Cл[5Cл    л  л   л   л
  л   л  л плллп    л[5Cл л   л плллп л плллп[5Cл[5Cпллл пллп   л   плллп
[16C[44m                                             [40m
[44m[14C                    [0;40mлллллл[44m    [1m [D                  [40m
[44m[4C[32;40mSysop * [44mGail Stout            [0;40mл[1mњ[0mл[1mњ[0mлл[44m  [1m [D            [32mRunning WW[40mIV 4.12
[11C[44m                       [0;44mлл[40mпллл[44m [1m [D                        [40m
[44m[10C                   п[36mлп[37mпп[36;47mпл[37mп[0;40mллл[44m                           [40m
[44m[4C[1;33;40mLots [44mOf Interesting Subs  [37mГ   [0;40mл[1;47mРФФФФ[44mФП             [33mOnline 24 Hour[40ms Daily
[8C[44m                      [37mРФФФ[0;40mллпллл[1;44mФй             [33m7 Days a Week [40m
[44m[7C                           [0;40mлллллл[44m                              [40m
[44m[4C[1;35;40m120[44m0/2400/9600 Baud           [0;40mллпллл[44m             [1mM[33mA[35mG[31mI[36mC[32mA[34mL [35mThings Ha[40mppen Here
[8C[44m                          [0;40mлллллл[44m                             [40m
[44m[9C                         [40mллпллл[44m                 [1m(707) 279-9[40m646
[10C[44m                        [0;40mлллллл[44m                           [40m
[44m[11C                       [40mллпллл[44m                          [40m
[44m[13C                  [1mкФФ[0;40mлллллл[1;44mФФП                     [40m
[44m[15C                Г  [0;40mлллллл[44m  [1mГ                   [40m
[44m[17C              Г          Г                 [40m
[44m[19C          [36mппп          ппп             [40m
[44m[0m
 
3[1By3] 2George Ramos #11 @7702
3[1Net Sub Origin3] 5ANSI Art Gallery
3[1From3] 2Inner Chorus BBS 7* 1Node 7702 7* 5707-279-9730 7* 3Kelseyville, California 7*