[?7h[40m[2J[2C[0;1mкТФФП кП кТФФП кТФФП
  УХФТй УД РСФТП УХФ
  Рй Р  Рй РФФСй РСФФй
[8C[0;34mлл
[7Cл[1;33;44mон[0;34mл[5C[1;37mкТФФП кТФФП
[6C[0;34mлл[1;33mлл[0;34mлл    [1;37mУД  Г УХФ
[5C[0;34mллл[1;33mлл[0;34mллл   [1;37mРСФФй Рй
    [0;34mлллл[1;33;44mон[0;34mлллл
   лллл[44m [40mлл[44m [40mлллл    [1;37mкФТТФП кП  П кТФФП
  [0;34mл[44m  [1;33mммп[0;34mлл[1;33;44mпмм[0;34mллл[5C[1;37mУД   УХФФД УХФ
 [0;34mл[1;33;44mмллпп[0;34;44mлл[40mлл[1;33;44mппллм[0;34mл    [1;37mРй   Рй  й РСФФй
[0;34mлл[44m [40mлллллллллллл[44m [40mлл

[1;37mмммммммм[30mм [37mммммммм[30mм [37mмм[30mм [37mмммммм[30mм [37mмммммм[30mм
[37mл[30;47mммммммм[40mл [37mл[30;47mмммммм[40mл [37mл[0mл[1;30mл [37mл[30;47mммммм[40mл [37mл[30;47mммммм[40mл
   [37mмм[30mм    [37mммммммм[30mм [37mл[0mл[1;30mл [37mмммммм[30mм [37mмм[30mм  [37mмм[30mм
   [37mл[0mл[1;30mл    [37mл[0mл[1;30;47mммм[0mл[1;30;47mм[40mл [37mл[0mл[1;30mл [37mл[0mл[1;30;47mммм[0mл[1;30mл [37mл[0mл[1;30mл  [37mл[0mл[1;30mл
   [37mл[0mл[1;30mл    [37mл[0mл[1;30mл [37mл[0mл[1;30mл  [37mл[0mл[1;30mл [37mл[0mл[1;30mл [37mл[0mл[1;30mл [37mл[0mл[1;30mл  [37mл[0mл[1;30mл
   [37mл[0mл[1;30mл    [37mл[0mл[1;30mл [37mл[0mл[1;47mп[30;40mл [37mл[0mл[1;30mл [37mл[0mл[1;30mл [37mл[0mл[1;30mл [37mл[0mл[1;47mпппп[0mл[1;30mл
   ппп    ппп пппп ппп ппп ппп пппппппп
[35Cf[0mbГt





















[0m[255D