[?7h[40m[2J[22C[0;1;30m‹[6C‹‹
ﬂ[45mﬂ[40mﬂﬂ€ﬂﬂ‹ [45m≤[40mﬂ€ ﬂ[45m≤[40mﬂﬂ‹ [45m∞[40m‹‹ﬂ €ﬂ[45mﬂ[40m‹  € €€
 [45m∞[2C∞[2C≤[1C[0;35m≤ [1;30;45m∞[2C∞[2C€[1C [2C[40m€ [45m∞[1C∞[40m€  [45m∞[1C∞ﬂ[40m
 [45m [2C[0;35m≤  ≤ [45m [1C[1;30m∞[2C [2C±[1C [2C±[1C[0;35m€ﬂﬂﬂ  ﬂﬂ[1;45m∞[30m±[40m
[10C[0;35mﬂﬂ[10C[1mﬂ  [0;35mﬂﬂﬂ  [1mﬂ[0;35mﬂ[1mﬂ
  [30m‹[27C‹‹
  ‹  [45m€[40mﬂﬂ€‹ €    ﬂ[45m∞[40mﬂﬂ€ ﬂ[45m≤[40mﬂ€ ‹ﬂﬂ[45m±[40m
  [45m∞[2C∞[2C[40mﬂﬂ [45m±[5C∞[2C±[2C∞[1C [1C [2C∞[40m
  [35;45m‹[2C[0;35mﬂﬂﬂ[1;30;45m∞≤[1C∞[1C ≤[2C[35m∞[0;35mﬂﬂ[1;30;45m∞[2C [1C[35m‹[1C[30m∞[0;35m‹‹[45m [40m
  [1mﬂ  ﬂ[0;35mﬂﬂﬂﬂ  ﬂﬂﬂ[5Cﬂ

























































































[0m[255D