[?7h[40m[2J[40m
[0;34m€ﬂﬂﬂ‹ €ﬂﬂﬂ‹ [1;37;44m∞[0;34mﬂﬂﬂ‹    € [1;37;44m∞[0;34mﬂﬂﬂ [1;37;44m∞[0;34mﬂﬂﬂ [1mﬂﬂ[37;44m∞[0;34mﬂﬂﬂ
[1;44m∞[3C[0;34m€ [1;44m∞[3C[0;34m€ [1;44m±[3C[0;34m€    [1;44m∞[1C±[4C±[6C±[40m
[44m±[0;34mﬂﬂﬂ  [1;44m±[0;34mﬂﬂﬂ‹ [1;44m∞[3C[0;34m€    [1;44m±[1C∞[0;34mﬂ   [1;44m∞[6C∞[40m
[37;44m∞[5C∞[3C[0;34m€ ﬂ‹‹‹ﬂ ﬂ‹‹[1;37;44m∞[1C[0;34m€‹‹‹ €‹‹‹   €






























































































[0m[255D