[?7h[40m[2J[40m

[0;1m[12C[0;30;47mTHEME[1;37;40mHOSPITAL



[15C[0;32mмлллллм
[15Cлллллл[47mВ[40m
[15Cлллллл[47mВ[40m
[15Cлллллл[47mВ[40m
[6Cмлллллллллллллллллллллллм
[6Cллллллллллллллллллллллллл
[6Cплллллллллллллл[47mВВВВВВВВВ[40mп
[15Cлллллл[47mВ[40m
[15Cлллллл[47mВ[40m
[15Cлллллл[47mВ[40m
[15Cплллллп

























[0m[255D