[0;40;37m
[30m   [1;31m___________________   [30m.-"¯¯¯¯¯[0m¯¯¯¯¯¯¯¯¯¯¯¯¯¯¯[1m¯¯¯¬"-.   [31m___________________
[0;30m   [31m\_________________[1m[ [30m.`[0m[28C[1m\ '. [0;31m]_________________[1m/
[0m[7C[1m_______________ [30m|[0m[29C[1m\  | _______________
[0m[7C\_____________[1m[ [30m|[0m[15C_[1m_[0m[15C[1m| [0m]_____________[1m/
[0m[11C[1;34m___________ [30m|[0m[13C[1;30m.'  [37m`.[0m[13C| [34m_[1m_________
[0m[11C[34m\_________[1m[ [30m![0m[11C[1;30m.`[0m[6C'.[10C[1;30m [0m! [34m]________[1m/
    [31ma[37mNS[34mt[0m[16C[1;30m'._______.`[0m[10C'._______.`[15C[1;31mPH[37mEN[34mOM
   [0;34m_____   _   __ __   __  _____   _____   _   ____    _____   _____   _____
  :[37m[5C[34m: : : / / \ \ / / :[37m[5C[34m: :[37m[5C[34m: | | :    ·. :[37m[5C[34m: :[37m[5C[34m: :[37m[5C[34m:
  [1m| T¯·-' | |/ /   \ · /  | T¯: | | T¯: | | | | T[0;34m¯: [1m| | T¯¯¯  | T¯: | | T¯·-'
  [37m! `--.  | · /[0m[5C[1m: :   | `-· | | ·-· | | | | | | | | `---. | `-· | ! `--.
   ·--. : | . \[0m[5C[1m| |   | . .-' | .-. | | | | | | | | .---' | . .-'  ·--. :
  [34m.-. ! | | |\ \    | |   | |\ \  | | | | | | | | ; | | l[0m[5C[1;34m| |\ \  .-. ! |
  [0;34ml  ¯  ! l ! \ \   l !   l ! \ \ l ! l ! l ! l  ¯ .· l  ¯¯¯! l ! \ \ l  ¯  !
   ¯¯¯¯¯   ¯   ¯¯    ¯[37m[5C[34m¯   ¯¯  ¯   ¯   ¯   ¯¯¯¯    ¯¯¯¯¯   ¯   ¯¯  ¯¯¯¯¯
  [1;30m-  - ---[0m-------------[1m-- AIR COMBAT IN THE KOREAN WAR --[0m------------[1;30m--- -  -


[0m  [1;31m    [37m  [30m  [0mBeta 9[1;30m.[0m6 playable now on aBSiNTHE BBS[1;30m([0mabsinthebbs[1;30m.[0mnet[1;30m:[0m1940[1;30m)

[0;30m [31m_[1m_________________________[0;31m_[23C_[1m__________________________[0;31m_
   [37m-[1m----------------------[0m-  [1;33mDOUGLAS A-4 SKYRAIDER  [0m-[1m------------------------[0m-
[5C[34m¯[1m¯¯¯¯¯¯¯¯¯¯¯¯¯¯¯¯¯¯¯¯¯[0;34m¯[23C¯[1m¯¯¯¯¯¯¯¯¯¯¯¯¯¯¯¯¯¯¯¯¯¯[0;34m¯



[37m[14C[1;34m_____
[0m[13C[34m:[1;30mos.  [34m:
[0m[13C[34m| [1;30mR|M [34m|
[0m[13C[34m|[1;30m24|43[34ml[0m[29C[36m_[37m__[1m_[0m[15C[1;30m.
[0m[13C[34m|  [1;30m·   [34m'._[0m[17C[34m.    [36m_.-` [37m| [1m/[36m'.[0m[13C:
[13C[34m|[37m[9C[1;34m¯¯·-------------[0;34m-'[1m·-[0;34m-[36m·-----[37m··[36m-[1m--'[30m==[0m==[1;34m-.[0;34m___[1m__ [37m¦
[0m[13C[34m|   -====[1m=-[0m[9C[1;34m_  [30mE[0m[7C[34m_[1m___   [30m:[0m[9C[1;34m|    ¬:[0m|
[13C[34m|[37m[12C[1;30mNAVY [0;31m=[34m([1;37m*[34m)[31m=[0m[6C[34m.~¯¯[1m¯¬". [30m![0m[9C[1;34m|  [30m300[0;34m|[1;30m+
[0m[13C[34m`._[37m[17C[34m¯[37m[7C[34m/ / [1;30m:=[0m=- [34m+[37m-[7C[34m.-'[37m[5C[34m![37m|
[16C[34m·---[1;30m,[0;34m__________[37m[9C[34m/ / [1;30m¦¯¯¯[0m¬) [34m+[37m-    [34m.·--·¯¯¯¯¯ [1;37m¦
[0m[16C[1;30m·¯¯¯[0m[8C[34m¯¯¯¯¯¯¯¯¯¯¯`---[1;30m¦¯¯¯[0m¬)[34m---'¯¯¯¯[37m[11C:
[44C[1;30m¯¯¯¯[0m[20C[1;30m·




[0;30m [31m_[1m_____________________________[0;31m_[37m[16C[31m_[1m_____________________________[0;31m_
   [37m-[1m--------------------------[0m-  [1;33mYAKOLEV YAK-9U  [0m-[1m---------------------------[0m-
[5C[34m¯[1m¯¯¯¯¯¯¯¯¯¯¯¯¯¯¯¯¯¯¯¯¯¯¯¯¯[0;34m¯[37m[16C[34m¯[1m¯¯¯¯¯¯¯¯¯¯¯¯¯¯¯¯¯¯¯¯¯¯¯¯¯[0;34m¯




[37m[14C[1;30m.[0m[47C[1m.-[0m--[1;30m.
[0m[14C:[46C[1m/[30m¯¯¯T¯\
[0m[14C[1m¦[0m[21C[1;36m______[0;36m__[37m[16C[1m/  [31m* [30m|¯¯\
[0m[14C|   [1m.____[0m_________[1m__[36m.`[30mT[36m¯¬   [0m|[1;36m¬[0;36m·-.[1;30m___[0m_________/[1;30m`----!¯¯¯:
[0m[12C[1;31m.-[0;31m|[1;37m¯¯¯¯¯¯¯[0m¯¯¯¯[7C¯¯[1;30m¬·--[0m--[1m-·¯[0m¯[1;30m¯¯¯[0m[10C|[1m-=[0m==[1;30m==-¯¯¯|
[0m[10C-[1;30m+  [0;31m|  [1;30m]=]=]=]=]    [0m.[1;31m-[37m---[0m-.[1;30m¯¯¯¯¯¯¯/   [31m*    [0;31m29   [1;30m`------¦---|
[0m[12C[31m·-![37m[12C-[1;30m-+  [0;31m*    [1;30m·.[0m[26C[1;30m|--.'
[0m[14C|·-[1;30m.__[0m[5C[1;30m.[0m-·~[10C[1;30m·-[0m[5C[1;30m_____[0m______.---[1;30m-·¯¯¯¯¯
[0m[14C[1m¦    [30m¯·--------------------·¯¯¯¯¯¯¯¯¯¯¯¯¯¯¯
[0m[14C:
[14C[1;30m·




[0;30m [31m_[1m____________________________[0;31m_[37m[17C[31m_[1m_____________________________[0;31m_
   [37m-[1m-------------------------[0m-  [1;33mLAVOCHKIN LA-11  [0m-[1m---------------------------[0m-
[5C[34m¯[1m¯¯¯¯¯¯¯¯¯¯¯¯¯¯¯¯¯¯¯¯¯¯¯¯[0;34m¯[37m[17C[34m¯[1m¯¯¯¯¯¯¯¯¯¯¯¯¯¯¯¯¯¯¯¯¯¯¯¯¯[0;34m¯




[37m[62C[1;30m|[32m.-[0;32m-.
[37m[11C[1;30m.[0m[49C[1;32m.[0;32m' [1;30m\  [0;32m·,
[37m[11C:[21C[1;36m___[0;36m____[37m[19C[1;32m.` [37m23 [30m:   [0;32m,
[37m[11C[1m¦  [32m________________[0;32m_[1;36m.`[0mT[1;36m¯¬ [0m|[36m¯¬[32m7·-[1m--[30m._[0;32m__[1m__[0m[6C[32m.`[37m[6C[1;30m!    [0;32m.
[37m[11C![1;32m.[0;32m·[1;30m-[31m|   |[0m[5C[1;30m---   [0;32m¯¬|---T¯¯[37m[7C[1;34m_[30m¯[0;32m¯¯¯¯¯¯¯¯  [37m-[1m==[0m===[1;30m=-  [0;31m[|
[37m[10C[1;32m.[0;32m-[1m| [30m¯[31m|   |  [30m-=======-  [0;32m!   |[37m[8C[1;34m([31m*[0;34m)[37m[16C[1;30m¦   [0;31m[!
[37m[9C[1;32m·[0;32m._[1m|  [0;31m|   [1m|   [37m.·¯¯¯¯¯[0m¯·[1m-[0m.   [32m·[37m[9C[34m¯[37m[17C[1;30m! [0;32m,-·
[37m[11C.[32m!  [31m!   l [1;30m-[0m'  [31m-+-[37m[6C[1m¯[0m·[1m-[30m.--.  _[0m[5C[1m____[0m_.--[1m-----[0m·¯¯[32m¯¯
[37m[11C| ·-[1m------------------------[0m-·¯[1m¯¯¯¯¯¯¯¯¯¯[0m¯¯
[11C[1m¦
[0m[11C:




[30m [31m_[1m_____________________________[0;31m_[37m[16C[31m_[1m_____________________________[0;31m_
   [37m-[1m--------------------------[0m-  [1;33mLAVOCHKIN LA-9  [0m-[1m---------------------------[0m-
[5C[34m¯[1m¯¯¯¯¯¯¯¯¯¯¯¯¯¯¯¯¯¯¯¯¯¯¯¯¯[0;34m¯[37m[16C[34m¯[1m¯¯¯¯¯¯¯¯¯¯¯¯¯¯¯¯¯¯¯¯¯¯¯¯¯[0;34m¯




[37m[62C[1;30m|[31m.-[0;31m--.
[37m[11C[1;30m.[0m[49C.` [1m·==[0m=,
[11C:[21C[1;36m______[0;36m_[37m[19C.`[5C[31mT==,
[37m[11C[1m¦  [31m__[0m_______________[36m.[1m`[0mT[1;36m¯¬ [0m|[1;36m¯[0;36m~[37m7·---[1;30m._[0m____[6C.`[7C[1m!==[0m=.
[11C![1;31m.·[30m-[37m|  [0m¬[1m|[0m[5C[1;30m---   [0m¯¬[1;30m|---T¯[0m¯[8C[1;30m¯[0m¯¯¯¯¯¯¯¯  -===[1;30m===-[0;31m===|
[37m[10C[1;31m.-| [30m¯[37m|   |  [30m-=======-  !   |[0m[5C[1;31m*[0m[10C[1m28[0m[10C[1m¦==[0m='
[9C[1;31m·[0;31m._|  [37m|   |   .·¯¯[1;31m¯¯[0m¯¯[1;30m·[0m-[1;30m.   ·[0m[27C[1;30m_[0;31ml=`
[37m[11C[1;30m.[0;31m!  [1;30m!   l -[0m'[11C¯[1;30m·[0m-[1;30m.--.___[0m[5C[1;30m_____.-------·¯¯¯
[0m[11C¦ [31m·--[1;30m-------------------+----~j¯7¯¯¯¯¯¯¯¯¯¯
[0m[11C[1m¦[0m[23C[1;30m`-[0m--[1;30m·[0m¯
[11C:





[30m [31m_[1m_________________________[0;31m_[37m[25C[31m_[1m________________________[0;31m_
   [37m-[1m----------------------[0m-  [1;33mMIKOYAN-GUREVICH MIG-15  [0m-[1m----------------------[0m-
[5C[34m¯[1m¯¯¯¯¯¯¯¯¯¯¯¯¯¯¯¯¯¯¯¯¯[0;34m¯[37m[25C[34m¯[1m¯¯¯¯¯¯¯¯¯¯¯¯¯¯¯¯¯¯¯¯[0;34m¯


[37m[62C[1m_.-[0m·[1m¯¯¯¯¬[0m>
[58C_.[1m-[0m·___[1;30m__/  /
[0m[55C.[1m-[0m· | [1m-====[0m===[1;30m==-
[0m[23C.[1;36m---[0;36m----[37m.[36m_[1;30m/[0m[17C.[1m-[0m:[1m¯    [34m_[0m¯[1;30m¯¯¯¯/  /
[0m[14C[1;31m____[0m_[1m__[36m.` [0m\[5C/__[1;30m:-[0m-[1m-------------·¯   [30m·o  [34m([0;31m*[34m)   [1;30m/  /
[0m[9C[1;31m_.-·¯¯¯¯¬T[37m¯¯¯¯[0m¯¯¯¯¯¯[1;30mT¯¯[0m[7C[1;30m:   T¯¯¯T[0m[8C[1;30m·. [0;34m¯   [1;30m/  /
[0m[9C[1;31mT    .---'[0m¯¯¯¯¯[1;30m¯¯¯¯¯[0m__[1m_________[0m_[1m______________[0m__ [1;30mT   /.-·
[0m[9C[1;31m|    |[30m325[0m[7C[1;30m.·¯[0m¯¯¯¯¯¯¯¯¯[1m¯¯¯¯¯[0m[5C[1;30m.-[0m-------[1;30m-·T¯T¯¯
[0m[9C[31ml    [1m`[0;31m---.[37m[7C[1;30m·-----[0m-------[1;30m·¯[0m¯¯¯¯¯[1;30m¯[0m[11C[1;30m! |
[0m[9C[1;30m---[31m-[0;31m- [1;30m_[31m_[0;31m_|[1;30m__________!_________!_______    [0m______[1;30m_.-'
[0m[10C[1;30m¯¯¯[0;31m·----·[1;30m--[0m----------------------------[1;30m·¯[0m¯¯[1;30m¯·--·





[0;34m [30m [31m_[1m_______________________________[0;31m_[1;30m [0m[11C[31m_[1m_______________________________[0;31m_[34m [31m   [37m-[1m----------------------------[0m- [1;30m [34mSKYRAIDERS [0;30m [37m-[1m----------------------------[0m-
[34m [37m[5C[34m¯[1m¯¯¯¯¯¯¯¯¯¯¯¯¯¯¯¯¯¯¯¯¯¯¯¯¯¯¯[0;34m¯[1;30m [0m[11C[34m¯[1m¯¯¯¯¯¯¯¯¯¯¯¯¯¯¯¯¯¯¯¯¯¯¯¯¯¯¯[0;34m¯
SAUCE00Skyraiders                         aNACHRONiST         iMPURE!ASCII1940    20191229h!  P †      Amiga Topaz 2+        