[0;40;37m[26C[1m:8
[0m[25C[1m.88
x@88k u@88c.  ud8888.   :888ooo
"8888""8888 :888'8888. *8888888[0m[6Cษอป
 [1m8888  888R d888 '88%"  8888[0m[9Cบ.บ
 [1m8888  888R 8888.+"[0m[5C[1m8888[0m[6Cฒฒฑ[1m๏[0m.บ
 [1m8888  888R '8888c.    .8888Lu=   [0mฒ  บ.บ
[1m"*88*" 8888" "88888%   ^%888*   [0mฒฒฒ  บ.บ
  [1m""   'Y"[0m[5C[1m"YP'[0m[6C[1m'Y"    [0mฒ    บ.บ
[32Cฒ    บ.บ
[1m฿Û  ฿Û ฿Û฿฿Ü [0m. [1mÜ฿฿฿Ü Ü฿Û [0m. [1mÛ  [0mฒ ฒ    บ.บ
 [1mÛ   Û  Û[0m. .[1mÛ[0m.[1mÛ[0m. [1m. . . Û Ü฿   [0mฒ ฒฒ[33mฑ[37mฒฒ[1m๏[0m.บ
[1m฿Û฿฿฿Û ฿Û฿฿฿Û[0m.[1mÛ[0m. [1m. . .ÜÛÜ฿[0m.   ฒ[6Cบ.บ
ษ[1mÛ[0mออป[1mÛ  Û[0m. .[1mÛ[0m.[1mÛ[0m. . . [1m฿ Û Û[0m[5Cษอออออผ.บ
[1mÜ฿  Ü฿ Ü฿[0m. [1mÜ฿[0m.[1m฿ÜÜÜÜ฿ [0m.[1mÜ฿ [0m.[1m฿Ü  [0mฐ..[1m>[0m.....บ
บ   บ   บ. . . . [1m. . . . [0m.บ    บ.......บ
บ   บ   ศอออออออออออออออออผ    บ.......บ
ศอออผ[26Cบ...[1;34m๕[0m...บ
[10Cฐ[13Cฐ[6Cบ.......บ
Player the [1mEvoker    [0mSt:14 dx:1ศอออออออผ
[35C[1;30mf[0mbณt
