[0;40;37m
[15C[1;33mﬂ€€€€‹‹
[0m[15C[33m‹ [1mﬂﬂ€€€ﬂ
[0m[16C[33mﬂ€€‹[1mﬂ[30m‹€€
[0m[13C[1;33m‹‹‹‹[0;33mﬂ€€€ [1;30m€€€
[0m[12C‹ [1;33m€€€ﬂ [0;33m€€€ [1;30m€€‹
[0m[12C€‹[1;33mﬂﬂ[0;33m‹€  €€›[1;30mﬁ€€
[0m[11C€€ﬂ[33m‹€€ﬂ   €€ [1;30m€€€
[0m[10C€€ﬂ[33m‹€ﬂ[1m‹‹‹‹‹[0;33mﬂ€€ [1;30m€€€
[0m[9C€ﬂ[33m‹€ﬂ[1m‹€€€€€€€‹[0;33mﬂ [1;30m€€€€
[0m[9C[33m‹€€ﬂ[37m[12C[1;30m€€€€€
[0m[7C[1;33m‹‹‹‹ ‹[0m[7C[1;33m‹   ‹
[0m[7C[1;33m€  € €[0m[7C[1;33m€   € ‹
[0m[7C[33m€‹‹€ € ‹‹‹ ‹‹€ ‹‹€ ‹ ‹‹‹
[37m[7C[33m€  € € ‹‹€ € € € € € € €
[37m[7C[1;47m‹[0m  [1;47m‹[0m [1;47m‹[0m [1;47m‹[40m‹[47m‹[0m [1;47m‹[40m‹[47m‹[0m [1;47m‹[40m‹[47m‹[0m [1;47m‹[0m [1;47m‹[0m [1;47m‹[0m




[27C[1mf[30mb≥t
