[?7h[40m[2J[5C[0;1;30mﬂ[7C≤[11C∞[5C≤    ≤∞
[15C‹[16C≤  ≤ €
 ‹[17Cﬂ[17C€≤
[11C[31m‹€[47m≤≤[40m€€€€€€€€‹‹‹‹    ‹‹‹€€€‹[30m˛
[9C[31m‹€[47m≤[40m€€€€€€€€[47m≤[40m€€€€€€€€€€€€€[47m≤[40m€€[47m≤[40m€‹
[30m‹ﬂ[5C[31m‹€€€[43m≤[40mﬂ[5Cﬂ€€[47m≤[40m€€€€€€€€€[47m≤[43m€[40m€[43m≤≤[40mﬂ€ﬂ
[6C‹€€[43m≤[40mﬂ[10Cﬂﬂ[43m≤[40m€€€€€€[43m≤≤[40m€ﬂﬂ[0;30;43m€[1C[1;31;40m˛
[5Cﬁ€€ﬂ[5C[37;47m≤[40m‹‹‹‹[6C[31mﬂﬂ€[43m≤[40m€€ﬂ [0;30;43m€[1;37;40m‹[47m≤[1C[31;40m›
[5Cﬁ€€[43m≤[40m‹   [37mﬂﬂﬂﬂﬂﬂ[47m≤[40mﬂ    [31;43m≤[40m€€ﬂﬂﬂ€‹[37mﬂﬂ[0;30;43m€[1;31;40m‹≤
[30m‹[5C[31mﬂ[33m‹[31mﬂﬂ€‹[43m≤≤[40m‹‹‹‹‹‹‹‹€€ﬂﬂ[33m‹≤≤∞€‹[31mﬂﬂﬂ[43m≤≤[47m€[40m‹
[5C[33m‹±≤€≤≤‹[31mﬂﬂ€[43m≤≤[40m€€€ﬂﬂ[33m‹∞∞≤≤±ﬂ ±€≤≤±‹[31mﬂﬂ
    [30m›[33mﬂ∞±±€≤≤≤≤‹‹[31mﬂﬂﬂ[33m‹€€∞≤≤≤ﬂ  ∞  ﬂ≤±±∞∞
    [30m€   [33mﬂ∞€€≤≤±€€∞€€€≤≤±±∞€∞€±±∞±≤±∞∞
[5C≤  ± ﬂ∞€€€±€€∞€€≤±±∞€€€€±±∞±±±∞∞
[5C≤   ∞   ≤ﬂﬂ€€ﬂ‹€±±∞€€€€€∞€∞€±∞∞
    ≤    ﬁ±  ‹‹‹   ∞€∞∞€∞€€€€±€€€±∞›
[30mﬂ≤   ≤ [33m≤  ﬂ±∞€€ ±≤ ±€€∞€€€€∞€€€±∞∞∞
[5C[30m≤± [33m≤   ﬂ€€€€› ≤€€€€€€∞€€€€∞±∞
[6C[30m±   €    [33mﬂﬂ‹ ≤€€€∞€€€€€€€€∞
[0;31mMORTAL [33mKOMBAT [31m][[1;30m€   [33m€€€€€∞€€€€€∞
[35C[30mf[0mb≥t
[31C[1m16[0;34mc[31mo[1;33ml[0;32mo[35mr[36ms




















[0m[255D