[0;40;37m   [1;32mллл[46mВм[40mллмм  пппппп[46mВ[40mлмм мллн  [42mол[40mлл
   ллллппл[47mВ[40mлн  ммлпплллн л[47mВ[40mлн  л[42mВ[40mлл
   л[47mВ[40mл[42mн[0m  [1;32mлллл оллн  лллл олллллл[47mВБ[40mл
   лл[42mп[0;32mл  [1;42mАп[40mл[42mп[0m [1;32mл[47mВ[40mлн  [42mо[40mлл[42mп[0m   [1;32mпппп ллл
   [0;32mллллмм[1;42mА[0;32mллн о[1;42mп[40mл[42mп[0;32mммл[1;42mпп[0;32mн [1;42mАп[0;32mлм  ол[1;42mлп[0m
[1;32m   [0;32mлллллллпп   ппллллпп  лллллллл[42mл[40mп
[37m[16C[1;35mof the
[0m[12C[1;32mT e n T a C L E
[0m[13C[35mпллм
[37m[13C[35mлл[1mБ[0;35mлллм
[37m[13C[35mллл[1mБВБ[0;35mлллм
[37m[13C[35mлллллл[1mБВБ[0;35mлллм
[37m[13C[35mлллллллл[1mБВБ[0;35mлллл
[37m[13C[35mллл   лллл[1mБВБ[0;35mллллл
[37m[16C[35mллл  лллл[1mВ[0;35mлллл
[37m[14C[35mллллллл   лллл   лл[37m[18C[1;31mк к к
[0m[14C[35mлллллллллл    ллллл[37m[12C[1;31mмБАБмнммнммнмм\ јјјјјјј
[0m[14C[35mплллллллл[1;32mлл[0;32mлл[35mллллллл[37m[9C[1;31mмВВАВБВнппнппнпп/ јјјјјјј
[0m[15C[35mллллллл[1;32mлл[0;32mлллл[35mлллллл[37m[7C[1;31mмВмВВВВВп йн йн йн
[0m[15C[35mлллллл[32mлл[35mўўўў[32mлл[35mлллллл[37m[7C[35mлл[1;31mллп
[0m[15C[35mллллллл[32mлллллл[35mлллллллл[37m[5C[35mлўлл[1mл[0;35mлм
[37m[14C[35mмлллллллл[32mлллл[35mллллллллл  ллллллл[1mллл[0;35mлл
[37m[14C[35mллллллллллллллллллллллл лллллллл[1mлл[0;35mлп
[37m[14C[35mллллллллллллллллллллллл  лллллл[1mлл[0;35mл
[37m[13C[35mллллллллллллллллллллллллл  ллллллл
[37m[13C[35mллллллллл[1;32mллл[0;32mллл[35mллллллллллл ллллл
[37m[12C[35mллллллллл[1;32mллл[0;32mллллл[35mлллллллллл
[37m[11C[35mллллллллл[32mллл[35mўўўўў[32mлл[35mлллллллллл
    пллллллллллллллл[32mлл[35mўўўўў[32mллл[35mлллллллллл
  млл[1mААА[0;35mллллллллллллл[32mлллллллл[35mллллллллллл
 мпп[1mААА[0;35mллллллллллллллл[32mлллллл[35mллллллллллллл
мл[1mААА[0;35mлллллллллллллллллллллллллллллллллллл
лл[1mАА[0;35mллллллллллллллллллллллллллллллллллллл
плл[1mА[0;35mлллБ плллллллллллллллллллллллллллллллл
 пллллп   лллллллллллллллллллллллллллллллл
[37m[10C[35mллллллллл[32mл[1mлллллл[0;32mллллл[35mлллллллллллм
[37m[9C[35mмлллллллл[32mл[1mлллллл[0;32mллллллл[35mллллллллллл
[37m[8C[35mмлллллллл[1;32mллллллл[0;32mллллллллл[35mллллллллллм
[37m[7C[35mмлллллллл[32mлллллл[35mўўўўўў[32mлллллл[35mллллллллллм
[37m[6C[35mмллллллллл[32mллллл[35mўўўўўўўў[32mллллл[35mллллллллллл
[37m[6C[35mлллллллллл[32mлллллл[35mўўўўўў[32mлллллл[35mллллллллллл
[37m[5C[35mмллллллллллл[32mлллллллллллллллл[35mлллллллллллп
[37m[5C[35mллллллллллллл[32mлл[1;42mANSI86[0;32mл[1;42m2006[0;32mл[35mллллллп
[37m[5C[35mлллллллллллллл[32mлл[1;42mFLYNNSBIT[0;32mл[35mллллп   [32mмллллм
[37m[5C[35mллВВВлллллллллллллллллллллп    [32mмллл[1mл[0;32mллллм
[37m[5C[35mлВВВллллллллллллллллп[37m[5C[32mмллллл[1mллллл[0;32mлллл
[37m[5C[35mллВВВллллллллллллп   [32mмллллл[1mллллллл[0;32mлллллллл
[37m[5C[35m`ллВВВлллллллллп[32mмллллллллл[1mллллл[0;32mллллллплллллм
[37m[6C[35mлллВВВВллллп [32mмлллллллллллллллллллллп лл[1mллл[0;32mл
   млм [35mпББББп    [32mмллллллллллллллллллллп   мллл[1mлл[0;32mл
  мллллм    млллллллллллллллллллллллллВлллллл[1mлл[0;32mлп
  ллААллллллллллллллллллллллллллп   пллллллл[1mлл[0;32mлп
  лААлллллллллллллллллллллВп[37m[9C[32mпллллллллп
  лААллллллллллллллллллВп[37m[14C[32mпллллВ
  плААллллллллллллллп
   плААллллллллллВп
[37m[5C[32mплллллллВп
