[?7h[40m[2J[6C[0;1;36m‹‹‹  ‹    ‹‹‹‹‹  ‹‹‹  ‹‹‹
[5C[46mﬂ[3Cﬂ[1Cﬂ[6Cﬂ[3Cﬂ[4Cﬂ[3Cﬂ[40m
[5C[0;36m‹ ﬂ ‹ ‹[6C‹   ‹ ﬂ[1;30mﬂ [0;36m‹   ‹
[5C[1;30m€   € ﬂ‹‹‹ ‹‹€‹‹ ﬂ‹‹‹ €   €
[5C[36m‹‹‹‹  ‹‹‹‹   ‹‹‹  ‹‹‹ ‹‹‹‹
[5C[46mﬂ[3Cﬂ[1Cﬂ[3Cﬂ[1Cﬂ[4Cﬂ[4Cﬂ[3Cﬂ[40m
[5C[0;36m‹ ﬂ[1;30mﬂ[0;36m‹ ‹ ﬂ[1;30mﬂ[0;36m‹ ‹ ﬂ[1;30mﬂ [0;36m‹ ﬂ[1;30mﬂ [0;36m‹   ‹
[5C[1;30m€‹‹‹ﬂ €   € ﬂ‹‹‹ ﬂ‹‹‹ €‹‹‹ﬂ
[6C[37mAlien Breed Tower Assult











[29Cf[30mb≥t





















[0m[255D