[0;40;37mÛßÛÛßÛ²[1;30mÄ[37m-[31m---- ---- ---- ---- ---- ----
  [47;30m±[0mÛ
  [1;47;30m²[0mÛ ÛßÛÜ ÛßÛÜ ÛßÛÛßÛÜ Û ÛßÛÜ ÛßÛÜ Û
  [1;47;30m²[0mÛ [1;47;30m±[0mÜ   [1;47;30m±[0m    [1;47;30m±[0m ÛÛ ÛÛ [1;47;30m±[0m [1;47;30m±[0m ÛÛ [1;47;30m±[0m ÛÛ [1;47;30m±[0m
[1;30m  [47m²[0mÛ [1;47;30m²[0mÜÛÛ [1;47;30m²[0m    [1;47;30m²[0m ß  ÛÛ [1;47;30m²[0m [1;47;30m²[0m ÛÛ [1;47;30m²[0mßÛÛ [1;47;30m²[0mÜÛÛ
  [31mÛ ÛÜ ÛßÛÜ Û    ÛßÛÜ ÛßÛÜ Û ÛßÛÜ Û ÛÜ
  [1;41;30m±[0m [31mÛÛ [1;41;30m±[0;31mÜ   [1;41;30m±[0m    [1;41;30m±[0m [31mÛÛ [1;41;30m±[0m    [1;41;30m±[0m   [1;41;30m±[0;31mÛ [1;41;30m±[0;31mÜÛÛ
  [1;41;30m²[0;31mÜÛß [1;41;30m²[0;31mÜÛÛ [1;41;30m²[0;31mÜÛÛ [1;41;30m²[0;31mÜÛÛ [1;41;30m²[0;31mÜÛÛ [1;41;30m²[0m   [1;41;30m²[0;31mÛ   ÛÛ
  [1;32m---- ---- ---- ---- ---- ----[37mÄ[30mÄ[0;31m²ÛÜÛÛ
 [37mÚÄÄÄÄÄÄÄÄÄÄÄÄÄÄÄÄÄÄÄÄÄÄÄÄÄÄÄÄÄÄÄÄÄÄÄ¿
 ³ Insert a cool looking ship[8C³
 ³ here that is hovering and[9C³
 ³ shooting green and red lasers.    ³
 ³ You are in control of the TV-202, ³
 ³ a fighter notable for its ability ³
 ³ to fly in 720 degrees of direction³
 ³ ignoring gravity and providing    ³
 ³ constant thrist. When the TV-202  ³
 ³ energy shield is depleted, dead.  ³
 ÀÄÄÄÄÄÄÄÄÄÄÄÄÄÄÄÄÄÄÄÄÄÄÄÄÄÄÄÄÄÄÄÄÄÄÄÙ
[35C[1;30mf[0mb³t
