[0;40;37m

[8C[1;32m€‹‹€€‹‹€€‹‹€€‹‹€€‹‹€€‹
[0m[6C‹[1;47m‹€[40mﬂﬂﬂ[32m€[0m‹[1;47m‹[40m€ﬂ[47mﬂ[40m€‹[32m€[0m‹[1;47m‹[40m€ﬂ[47mﬂ[40m€‹[32m€[47m [40;37m€€
[0m[6C[1;47m [40m€€[32m€€€€[0m€[1m€€[32m€[0m€[1m€€[32m€[0m€[1m€€[32m€[0m€[1m€€[32m€[47m [40;37m€€
[0m[6C[1;47m [40m€€‹‹‹[32m€[0mﬂ[1;47mﬂ[40m€‹[47m‹[40m€ﬂ[32m€[0mﬂ[1;47mﬂ[40m€‹[47m‹[40m€ﬂ[32m€[47m [40;37m€€‹‹‹
[0m[8C[1;32m€€€€€€€€€€€€€€€€€€€€€€
[0m[8C[1;32m€€€€€€€€€€€€€€€€€€€€€€
[0m[8C[1;32m€€€€€€€€€€€€€€€€€€€€€€
    [0;31m‹‹‹‹‹‹‹[1;32m€[0;31m‹‹‹‹‹‹‹[1;32m€[0;31m‹‹‹‹‹‹‹[1;32m€[0;31m‹‹‹‹‹‹‹
    € ‹‹‹‹€[1;32m€[0;31m€ ‹‹‹ €[1;32m€[0;31m€ ‹‹‹ €[1;32m€[0;31m€‹‹ ‹‹€
    €‹‹‹‹ €[1;32m€[0;31m€ ‹‹‹‹€[1;32m€[0;31m€ €‹€ €[1;32m€€€[0;31m€ €
    €‹‹‹‹‹€[1;32m€[0;31m€‹€[1;32m€€€€€[0;31m€‹‹‹‹‹€[1;32m€€€[0;31m€‹€
[37m[8C[1;32m€€€€€€€€€€€€€€€€€€€€€€
[0m[8C[1;32m€€€€€€€€€€€€€€€€€€€€€€
[0m[8C[1;32m€€€€€€€€€€€€€€€€€€€€€€
[0m[8C[1;32mﬂ€€ﬂﬂ€€ﬂﬂ€€ﬂﬂ€€ﬂﬂ€€ﬂﬂ€



[0m[35C[1;30mf[0mb≥t
