[0;1;40;37m`  [43m                [0m лплм л лплмпл л лм
  њ[43m [1mлплм л лпллплм [0m [1;47;30mБ[0m    [1;47;30mБ[0m   [1;47;30mБ[0mл   [1;47;30mБ[0mмлл
[1mњ  [43m лммм л л лл лл [0m [1;47;30mВ[0mмлл [1;47;30mВ[0m   [1;47;30mВ[0mл    млл
   [43m [1mммлл л л п  лл [0m [1mTHE ULTIMATE CITY
   [43m                [0m[5C[1mSIMULATOR
   м[47mБВБВБАА[0mлллллллллллллллллллллллллм
 [1mм[47mБВАБАБА[0mлллпппп[1mммммммм[0mппппл[1;47;30mАА[0mлл[1;47;30mАА[0mллллм
[1mо[47mВАБ[0mл[1;47mА[0mлппм[1mммлллллллллллллллммм[0mпп[1;47;30mАБА[0mлл[1;47;30mАА[0mн
[1;47mАБ[0mл[1;47mА[0mлп[1mм[47mВВ[40mлллллллллллллллллллллллм[30mп[47mБА[0mл[1;47;30mБАВ[0m
о[1;47mА[0mллно[1mлллллллллллллллллллллллллл[47mВ[40mн[30mо[47mБАВБ[40mн
 [0mплл [1;33mм[0mп[1mлллллллллллллллллллллллл[47mВ[40mп[33mм [47;30mВБ[40mпп
[37m.   [33mо    [0mп[1mпп[47mВ[40mл[47mВВ[40mлллл[47mВВ[40mллл[47mВВ[40mппп   [47;33mВ[40mВ
   [0;5;43;30mАл[0m [1m. њ  [33m/ / Г Г Г ГГ Г \ \  [37m. .  [0;5;43;30mА[0m
[5;30m  [43mВ[0m [1mњ .  њ [0mппл Впп[47mВ[40m Впп[47mВ[40m Впп[47mВ[40m [1mкП њ  [0;5;43;30mА[0m
[5;43;30mБВ[0m[8Cлппп л  л л  л л  л [1mГГ њк[30mС[37mФП[0;5;43;30mБА[0m
[5;30m    [0;1mкП    [0mВмм[47mВ[40m лммВ лммВ лммВ [1mГГњ Г[33m.њ[37mГ
 .  ГГ  .  њкПкФП  .  .  кФПкПГГ  Г[33mњ.[37mРП
 к[30mС[37mПГГ к[30mС[37mФФПГРй[33mњ[37mУФТФП.  кй[33mњ[37mГГРйРП Г[33mњ њ[37mГ
кй[33mњ[37mГГГ Г[33mњ  [37mГГ[33mњ  [37mГ[33m.[37mГ[33mњ[37mРП кД[33mњ [37mРй[33mњ .[37mРПГ [33m. [37mРП
 [33mњ [37mРйРФй  [33mњ[37mРй   Р РФФФФй   [33mњ[0m[5C[1mР[36mM[33mA[35mX[31mI[32mS[37mД
[0m[35C[1;30mf[0mbГt
