[?7h[40m[2J[40m

[0;1m [44m°[34m±°[0;34mßßßß [1;37;44m°[34m±°[0;34mßßß [1;37;44m°[34m±°[0;34mßßßÜ ÛÛÛßßßÜ [1;37;44m°[34m±°[0;34mßßß
 [1;44m±°[0;34mÛ ÜÜÜ [1;44m±°[0;34mÛ    [1;44m±°[0;34mÛ   Û [1;44m°[0;34mÛÛ   Û [1;44m±°[0;34mÛ
 [1;44m°[0;34mÛÛ   Û [1;44m°[0;34mÛÛß   [1;44m°[0;34mÛÛ   Û [1;44m±°[0;34mÛßßßÜ [1;44m°[0;34mÛÛß
 ÛÛÛÜÜÜÛ ÛÛÛÜÜÜ ÛÛÛ   Û [1;37;44m°[34m±°[3C[0;34mÛ ÛÛÛÜÜÜ
[15C[1;37mExamples
 ÚÄÄÄÄÄÄÄÄÄÄÄÄÄÄÄÄÄÄÄÄÄÄÄÄÄÄÄÄÄÄÄÄÄÄÄ¿
 ³ You can create Genre folders using³
 ³ the following structure:[10C³
 ³ C:\GAMES\-Genre\[18C³
 ³[12CÀGenre Name[12C³
 ³[14CÀGame Name[11C³
 ³[16CÃautorun.bat[7C³
 ³[16CÃreadme.ans[8C³
 ³[35C³
 ³ Autorun.bat example:[14C³
 ³ @echo off[25C³
 ³ c:\games\doom\doom.exe[12C³
 ÀÄÄÄÄÄÄÄÄÄÄÄÄÄÄÄÄÄÄÄÄÄÄÄÄÄÄÄÄÄÄÄÄÄÄÄÙ
[34C[30mf[0mb³t



[0m[255D